No-01-01-orderDateTimeの範囲（GTE）
Judge:Incorrect
Options:{ port: 80,
  method: 'GET',
  hostname: '54.199.213.45',
  headers: { Connection: 'close' },
  path: '/searchOrder?findByOrderDateTimeGTE=1246631552&limit=85' }
DecodedPath:/searchOrder?findByOrderDateTimeGTE=1246631552&limit=85
Senario Logs:[ [ 'result=trueで無い', { result: 'true' } ],
  [ 'TAT', { TAT: undefined, TimeOut: 1000 } ] ]

No-01-02-orderDateTimeの範囲（LTE）
Judge:Incorrect
Options:{ port: 80,
  method: 'GET',
  hostname: '54.199.213.45',
  headers: { Connection: 'close' },
  path: '/searchOrder?findByOrderDateTimeLTE=1262940289&limit=38' }
DecodedPath:/searchOrder?findByOrderDateTimeLTE=1262940289&limit=38
Senario Logs:[ [ 'result=trueで無い', { result: 'true' } ],
  [ 'TAT', { TAT: undefined, TimeOut: 1000 } ] ]

No-01-03-orderUserIdの一致
Judge:Incorrect
Options:{ port: 80,
  method: 'GET',
  hostname: '54.199.213.45',
  headers: { Connection: 'close' },
  path: '/searchOrder?findByOrderUserId=Us2gxlki&limit=49' }
DecodedPath:/searchOrder?findByOrderUserId=Us2gxlki&limit=49
Senario Logs:[ [ 'result=trueで無い', { result: 'true' } ],
  [ 'TAT', { TAT: undefined, TimeOut: 1000 } ] ]

No-01-04-orderUserIdの一致
Judge:Incorrect
Options:{ port: 80,
  method: 'GET',
  hostname: '54.199.213.45',
  headers: { Connection: 'close' },
  path: '/searchOrder?findByOrderItemId=It64lp54&limit=75' }
DecodedPath:/searchOrder?findByOrderItemId=It64lp54&limit=75
Senario Logs:[ [ 'result=trueで無い', { result: 'true' } ],
  [ 'TAT', { TAT: undefined, TimeOut: 1000 } ] ]

No-01-05-orderQuantityの範囲（GTE）
Judge:Incorrect
Options:{ port: 80,
  method: 'GET',
  hostname: '54.199.213.45',
  headers: { Connection: 'close' },
  path: '/searchOrder?findByOrderQuantityGTE=36&limit=12' }
DecodedPath:/searchOrder?findByOrderQuantityGTE=36&limit=12
Senario Logs:[ [ 'result=trueで無い', { result: 'true' } ],
  [ 'TAT', { TAT: undefined, TimeOut: 1000 } ] ]

No-01-06-orderQuantityの範囲（LTE）
Judge:Incorrect
Options:{ port: 80,
  method: 'GET',
  hostname: '54.199.213.45',
  headers: { Connection: 'close' },
  path: '/searchOrder?findByOrderQuantityLTE=33&limit=92' }
DecodedPath:/searchOrder?findByOrderQuantityLTE=33&limit=92
Senario Logs:[ [ 'result=trueで無い', { result: 'true' } ],
  [ 'TAT', { TAT: undefined, TimeOut: 1000 } ] ]

No-01-07-orderStateの一致
Judge:Incorrect
Options:{ port: 80,
  method: 'GET',
  hostname: '54.199.213.45',
  headers: { Connection: 'close' },
  path: '/searchOrder?findByOrderState=%E8%A6%8B%E7%A9%8D%E3%82%82%E3%82%8A&limit=18' }
DecodedPath:/searchOrder?findByOrderState=見積もり&limit=18
Senario Logs:[ [ 'result=trueで無い', { result: 'true' } ],
  [ 'TAT', { TAT: undefined, TimeOut: 1000 } ] ]

No-01-08-orderTagsのALL一致
Judge:Incorrect
Options:{ port: 80,
  method: 'GET',
  hostname: '54.199.213.45',
  headers: { Connection: 'close' },
  path: '/searchOrder?findByOrderTagsIncludeAll=%E3%82%BB%E3%83%B3%E3%82%BF%E3%83%BC%E9%A0%90%E3%81%8B%E3%82%8A&limit=65' }
DecodedPath:/searchOrder?findByOrderTagsIncludeAll=センター預かり&limit=65
Senario Logs:[ [ 'result=trueで無い', { result: 'true' } ],
  [ 'TAT', { TAT: undefined, TimeOut: 1000 } ] ]

No-01-09-orderTagsのAny一致
Judge:Incorrect
Options:{ port: 80,
  method: 'GET',
  hostname: '54.199.213.45',
  headers: { Connection: 'close' },
  path: '/searchOrder?findByOrderTagsIncludeAny=%E3%82%BB%E3%83%B3%E3%82%BF%E3%83%BC%E9%A0%90%E3%81%8B%E3%82%8A&limit=62' }
DecodedPath:/searchOrder?findByOrderTagsIncludeAny=センター預かり&limit=62
Senario Logs:[ [ 'result=trueで無い', { result: 'true' } ],
  [ 'TAT', { TAT: undefined, TimeOut: 1000 } ] ]

No-02-01-userCompanyの一致
Judge:Incorrect
Options:{ port: 80,
  method: 'GET',
  hostname: '54.199.213.45',
  headers: { Connection: 'close' },
  path: '/searchOrder?findByUserCompany=%E6%A8%AA%E6%B5%9C%E3%82%B2%E3%83%83%E3%82%B5%E3%83%B3%E5%8D%B0%E5%88%B7&limit=79' }
DecodedPath:/searchOrder?findByUserCompany=横浜ゲッサン印刷&limit=79
Senario Logs:[ [ 'result=trueで無い', { result: 'true' } ],
  [ 'TAT', { TAT: undefined, TimeOut: 1000 } ] ]

No-02-02-userDiscountRateの範囲（GTE）
Judge:Incorrect
Options:{ port: 80,
  method: 'GET',
  hostname: '54.199.213.45',
  headers: { Connection: 'close' },
  path: '/searchOrder?findByUserDiscountRateGTE=21&limit=78' }
DecodedPath:/searchOrder?findByUserDiscountRateGTE=21&limit=78
Senario Logs:[ [ 'result=trueで無い', { result: 'true' } ],
  [ 'TAT', { TAT: undefined, TimeOut: 1000 } ] ]

No-02-03-userDiscountRateの範囲（LTE）
Judge:Incorrect
Options:{ port: 80,
  method: 'GET',
  hostname: '54.199.213.45',
  headers: { Connection: 'close' },
  path: '/searchOrder?findByUserDiscountRateLTE=43&limit=57' }
DecodedPath:/searchOrder?findByUserDiscountRateLTE=43&limit=57
Senario Logs:[ [ 'result=trueで無い', { result: 'true' } ],
  [ 'TAT', { TAT: undefined, TimeOut: 1000 } ] ]

No-03-01-itemSupplierの一致
Judge:Incorrect
Options:{ port: 80,
  method: 'GET',
  hostname: '54.199.213.45',
  headers: { Connection: 'close' },
  path: '/searchOrder?findByItemSupplier=%E3%83%AA%E3%83%B3%E3%82%B4%E3%82%BD%E3%83%95%E3%83%88&limit=42' }
DecodedPath:/searchOrder?findByItemSupplier=リンゴソフト&limit=42
Senario Logs:[ [ 'result=trueで無い', { result: 'true' } ],
  [ 'TAT', { TAT: undefined, TimeOut: 1000 } ] ]

No-03-02-itemStockQuantityの範囲（GTE）
Judge:Incorrect
Options:{ port: 80,
  method: 'GET',
  hostname: '54.199.213.45',
  headers: { Connection: 'close' },
  path: '/searchOrder?findByItemStockQuantityGTE=4067&limit=66' }
DecodedPath:/searchOrder?findByItemStockQuantityGTE=4067&limit=66
Senario Logs:[ [ 'result=trueで無い', { result: 'true' } ],
  [ 'TAT', { TAT: undefined, TimeOut: 1000 } ] ]

No-03-03-itemStockQuantityの範囲（LTE）
Judge:Incorrect
Options:{ port: 80,
  method: 'GET',
  hostname: '54.199.213.45',
  headers: { Connection: 'close' },
  path: '/searchOrder?findByItemStockQuantityLTE=1371&limit=46' }
DecodedPath:/searchOrder?findByItemStockQuantityLTE=1371&limit=46
Senario Logs:[ [ 'result=trueで無い', { result: 'true' } ],
  [ 'TAT', { TAT: undefined, TimeOut: 1000 } ] ]

No-03-04-itemBasePriceの範囲（LTE）
Judge:Incorrect
Options:{ port: 80,
  method: 'GET',
  hostname: '54.199.213.45',
  headers: { Connection: 'close' },
  path: '/searchOrder?findByItemBasePriceGTE=21500&limit=12' }
DecodedPath:/searchOrder?findByItemBasePriceGTE=21500&limit=12
Senario Logs:[ [ 'result=trueで無い', { result: 'true' } ],
  [ 'TAT', { TAT: undefined, TimeOut: 1000 } ] ]

No-03-05-itemBasePriceの範囲（LTE）
Judge:Incorrect
Options:{ port: 80,
  method: 'GET',
  hostname: '54.199.213.45',
  headers: { Connection: 'close' },
  path: '/searchOrder?findByItemBasePriceLTE=4300&limit=83' }
DecodedPath:/searchOrder?findByItemBasePriceLTE=4300&limit=83
Senario Logs:[ [ 'result=trueで無い', { result: 'true' } ],
  [ 'TAT', { TAT: undefined, TimeOut: 1000 } ] ]

No-03-06-itemTagsのALL一致
Judge:Incorrect
Options:{ port: 80,
  method: 'GET',
  hostname: '54.199.213.45',
  headers: { Connection: 'close' },
  path: '/searchOrder?findByItemTagsIncludeAll=Windows%2C%E3%83%8F%E3%82%A4%E3%82%AF%E3%82%AA%E3%83%AA%E3%83%86%E3%82%A3%2C%E3%82%A2%E3%83%AB%E3%83%9F%E4%BA%9C%E9%89%9B%E5%90%88%E9%87%91&limit=14' }
DecodedPath:/searchOrder?findByItemTagsIncludeAll=Windows,ハイクオリティ,アルミ亜鉛合金&limit=14
Senario Logs:[ [ 'result=trueで無い', { result: 'true' } ],
  [ 'TAT', { TAT: undefined, TimeOut: 1000 } ] ]

No-03-07-itemTagsのAny一致
Judge:Incorrect
Options:{ port: 80,
  method: 'GET',
  hostname: '54.199.213.45',
  headers: { Connection: 'close' },
  path: '/searchOrder?findByItemTagsIncludeAny=%E4%BA%8B%E5%8B%99%E7%94%A8%E5%93%81%2CLinux%2C%E3%83%8F%E3%82%A4%E3%82%AF%E3%82%AA%E3%83%AA%E3%83%86%E3%82%A3%2C%E3%82%B9%E3%83%86%E3%83%B3%E3%83%AC%E3%82%B9%E3%83%A1%E3%83%83%E3%82%AD%2C%E3%82%B9%E3%83%81%E3%83%BC%E3%83%AB%E5%90%88%E9%87%91&limit=49' }
DecodedPath:/searchOrder?findByItemTagsIncludeAny=事務用品,Linux,ハイクオリティ,ステンレスメッキ,スチール合金&limit=49
Senario Logs:[ [ 'result=trueで無い', { result: 'true' } ],
  [ 'TAT', { TAT: undefined, TimeOut: 1000 } ] ]

Finished.
